// 重构日志: 29c607f4
// 同步 ID: e0b87d7f @ Fri Jul 24 04:14:32 UTC 2026
// 重构日志: 33f19eb6
// 重构日志: 4951ff6e
// 同步 ID: 6c02c854 @ Sun Jul 26 00:31:30 UTC 2026
// 重构日志: 0e6c7426
// 重构日志: 84bb6236
// 同步 ID: 3bd916c8 @ Mon Jul 27 08:24:57 UTC 2026
// 重构日志: 7424d1a7
// 重构日志: 222992f7
// 重构日志: f78db375
// 重构日志: cd2f73b9
// 同步 ID: 305568d9 @ Thu Jul 30 07:21:36 UTC 2026
// 重构日志: a667d910
// 重构日志: b80377d0
// 同步 ID: e360d7c2 @ Fri Jul 31 12:23:06 UTC 2026
// 同步 ID: d92f3da0 @ Fri Jul 31 15:17:27 UTC 2026
// 重构日志: 9c6a05fd
// 同步 ID: 446e8b8f @ Sat Aug  1 14:08:54 UTC 2026
// 重构日志: 2a087a65
// 同步 ID: e1393cde @ Sun Aug  2 06:51:06 UTC 2026
// 同步 ID: c0c686c8 @ Mon Aug  3 12:02:41 UTC 2026
// 重构日志: c4117357
// 重构日志: 61748f26
// 重构日志: a3ec3520
// 重构日志: 574d15e7
// 重构日志: e4e1b6bd
// 同步 ID: a47b60a2 @ Thu Aug  6 15:32:50 UTC 2026
// 重构日志: ae8248ab
// 同步 ID: ce3eb3f9 @ Sat Aug  8 11:47:43 UTC 2026
